Archive member included because of file (symbol)

e:/yusuf programs/imt_sdk/winavr/bin/../lib/gcc/avr/4.3.3/avr5\libgcc.a(_udivmodqi4.o)
                              ./main.o (__udivmodqi4)
e:/yusuf programs/imt_sdk/winavr/bin/../lib/gcc/avr/4.3.3/avr5\libgcc.a(_exit.o)
                              e:/yusuf programs/imt_sdk/winavr/bin/../lib/gcc/avr/4.3.3/../../../../avr/lib/avr5/crtm32.o (exit)
e:/yusuf programs/imt_sdk/winavr/bin/../lib/gcc/avr/4.3.3/avr5\libgcc.a(_copy_data.o)
                              ./keypad.o (__do_copy_data)
e:/yusuf programs/imt_sdk/winavr/bin/../lib/gcc/avr/4.3.3/avr5\libgcc.a(_clear_bss.o)
                              ./main.o (__do_clear_bss)
e:/yusuf programs/imt_sdk/winavr/bin/../lib/gcc/avr/4.3.3/avr5\libgcc.a(_fixunssfsi.o)
                              ./keypad.o (__fixunssfsi)
e:/yusuf programs/imt_sdk/winavr/bin/../lib/gcc/avr/4.3.3/avr5\libgcc.a(_addsub_sf.o)
                              e:/yusuf programs/imt_sdk/winavr/bin/../lib/gcc/avr/4.3.3/avr5\libgcc.a(_fixunssfsi.o) (__subsf3)
e:/yusuf programs/imt_sdk/winavr/bin/../lib/gcc/avr/4.3.3/avr5\libgcc.a(_mul_sf.o)
                              ./keypad.o (__mulsf3)
e:/yusuf programs/imt_sdk/winavr/bin/../lib/gcc/avr/4.3.3/avr5\libgcc.a(_div_sf.o)
                              ./lcd.o (__divsf3)
e:/yusuf programs/imt_sdk/winavr/bin/../lib/gcc/avr/4.3.3/avr5\libgcc.a(_gt_sf.o)
                              ./keypad.o (__gtsf2)
e:/yusuf programs/imt_sdk/winavr/bin/../lib/gcc/avr/4.3.3/avr5\libgcc.a(_ge_sf.o)
                              e:/yusuf programs/imt_sdk/winavr/bin/../lib/gcc/avr/4.3.3/avr5\libgcc.a(_fixunssfsi.o) (__gesf2)
e:/yusuf programs/imt_sdk/winavr/bin/../lib/gcc/avr/4.3.3/avr5\libgcc.a(_lt_sf.o)
                              ./keypad.o (__ltsf2)
e:/yusuf programs/imt_sdk/winavr/bin/../lib/gcc/avr/4.3.3/avr5\libgcc.a(_sf_to_si.o)
                              e:/yusuf programs/imt_sdk/winavr/bin/../lib/gcc/avr/4.3.3/avr5\libgcc.a(_fixunssfsi.o) (__fixsfsi)
e:/yusuf programs/imt_sdk/winavr/bin/../lib/gcc/avr/4.3.3/avr5\libgcc.a(_thenan_sf.o)
                              e:/yusuf programs/imt_sdk/winavr/bin/../lib/gcc/avr/4.3.3/avr5\libgcc.a(_addsub_sf.o) (__thenan_sf)
e:/yusuf programs/imt_sdk/winavr/bin/../lib/gcc/avr/4.3.3/avr5\libgcc.a(_prologue.o)
                              e:/yusuf programs/imt_sdk/winavr/bin/../lib/gcc/avr/4.3.3/avr5\libgcc.a(_addsub_sf.o) (__prologue_saves__)
e:/yusuf programs/imt_sdk/winavr/bin/../lib/gcc/avr/4.3.3/avr5\libgcc.a(_epilogue.o)
                              e:/yusuf programs/imt_sdk/winavr/bin/../lib/gcc/avr/4.3.3/avr5\libgcc.a(_addsub_sf.o) (__epilogue_restores__)
e:/yusuf programs/imt_sdk/winavr/bin/../lib/gcc/avr/4.3.3/avr5\libgcc.a(_pack_sf.o)
                              e:/yusuf programs/imt_sdk/winavr/bin/../lib/gcc/avr/4.3.3/avr5\libgcc.a(_addsub_sf.o) (__pack_f)
e:/yusuf programs/imt_sdk/winavr/bin/../lib/gcc/avr/4.3.3/avr5\libgcc.a(_unpack_sf.o)
                              e:/yusuf programs/imt_sdk/winavr/bin/../lib/gcc/avr/4.3.3/avr5\libgcc.a(_addsub_sf.o) (__unpack_f)
e:/yusuf programs/imt_sdk/winavr/bin/../lib/gcc/avr/4.3.3/avr5\libgcc.a(_fpcmp_parts_sf.o)
                              e:/yusuf programs/imt_sdk/winavr/bin/../lib/gcc/avr/4.3.3/avr5\libgcc.a(_gt_sf.o) (__fpcmp_parts_f)

Allocating common symbols
Common symbol       size              file

alarms              0x10              ./main.o

Memory Configuration

Name             Origin             Length             Attributes
text             0x00000000         0x00020000         xr
data             0x00800060         0x0000ffa0         rw !x
eeprom           0x00810000         0x00010000         rw !x
fuse             0x00820000         0x00000400         rw !x
lock             0x00830000         0x00000400         rw !x
signature        0x00840000         0x00000400         rw !x
*default*        0x00000000         0xffffffff

Linker script and memory map

LOAD e:/yusuf programs/imt_sdk/winavr/bin/../lib/gcc/avr/4.3.3/../../../../avr/lib/avr5/crtm32.o
LOAD ./dio.o
LOAD ./i2c.o
LOAD ./keypad.o
LOAD ./lcd.o
LOAD ./main.o
LOAD ./rtc.o
LOAD ./timer.o
LOAD e:/yusuf programs/imt_sdk/winavr/bin/../lib/gcc/avr/4.3.3/avr5\libgcc.a
LOAD e:/yusuf programs/imt_sdk/winavr/bin/../lib/gcc/avr/4.3.3/../../../../avr/lib/avr5\libc.a
LOAD e:/yusuf programs/imt_sdk/winavr/bin/../lib/gcc/avr/4.3.3/avr5\libgcc.a

.hash
 *(.hash)

.dynsym
 *(.dynsym)

.dynstr
 *(.dynstr)

.gnu.version
 *(.gnu.version)

.gnu.version_d
 *(.gnu.version_d)

.gnu.version_r
 *(.gnu.version_r)

.rel.init
 *(.rel.init)

.rela.init
 *(.rela.init)

.rel.text
 *(.rel.text)
 *(.rel.text.*)
 *(.rel.gnu.linkonce.t*)

.rela.text
 *(.rela.text)
 *(.rela.text.*)
 *(.rela.gnu.linkonce.t*)

.rel.fini
 *(.rel.fini)

.rela.fini
 *(.rela.fini)

.rel.rodata
 *(.rel.rodata)
 *(.rel.rodata.*)
 *(.rel.gnu.linkonce.r*)

.rela.rodata
 *(.rela.rodata)
 *(.rela.rodata.*)
 *(.rela.gnu.linkonce.r*)

.rel.data
 *(.rel.data)
 *(.rel.data.*)
 *(.rel.gnu.linkonce.d*)

.rela.data
 *(.rela.data)
 *(.rela.data.*)
 *(.rela.gnu.linkonce.d*)

.rel.ctors
 *(.rel.ctors)

.rela.ctors
 *(.rela.ctors)

.rel.dtors
 *(.rel.dtors)

.rela.dtors
 *(.rela.dtors)

.rel.got
 *(.rel.got)

.rela.got
 *(.rela.got)

.rel.bss
 *(.rel.bss)

.rela.bss
 *(.rela.bss)

.rel.plt
 *(.rel.plt)

.rela.plt
 *(.rela.plt)

.text           0x00000000     0x46ac
 *(.vectors)
 .vectors       0x00000000       0x54 e:/yusuf programs/imt_sdk/winavr/bin/../lib/gcc/avr/4.3.3/../../../../avr/lib/avr5/crtm32.o
                0x00000000                __vectors
                0x00000000                __vector_default
 *(.vectors)
 *(.progmem.gcc*)
 *(.progmem*)
                0x00000054                . = ALIGN (0x2)
                0x00000054                __trampolines_start = .
 *(.trampolines)
 .trampolines   0x00000054        0x0 linker stubs
 *(.trampolines*)
                0x00000054                __trampolines_end = .
 *(.jumptables)
 *(.jumptables*)
 *(.lowtext)
 *(.lowtext*)
                0x00000054                __ctors_start = .
 *(.ctors)
                0x00000054                __ctors_end = .
                0x00000054                __dtors_start = .
 *(.dtors)
                0x00000054                __dtors_end = .
 SORT(*)(.ctors)
 SORT(*)(.dtors)
 *(.init0)
 .init0         0x00000054        0x0 e:/yusuf programs/imt_sdk/winavr/bin/../lib/gcc/avr/4.3.3/../../../../avr/lib/avr5/crtm32.o
                0x00000054                __init
 *(.init0)
 *(.init1)
 *(.init1)
 *(.init2)
 .init2         0x00000054        0xc e:/yusuf programs/imt_sdk/winavr/bin/../lib/gcc/avr/4.3.3/../../../../avr/lib/avr5/crtm32.o
 *(.init2)
 *(.init3)
 *(.init3)
 *(.init4)
 .init4         0x00000060       0x16 e:/yusuf programs/imt_sdk/winavr/bin/../lib/gcc/avr/4.3.3/avr5\libgcc.a(_copy_data.o)
                0x00000060                __do_copy_data
 .init4         0x00000076       0x10 e:/yusuf programs/imt_sdk/winavr/bin/../lib/gcc/avr/4.3.3/avr5\libgcc.a(_clear_bss.o)
                0x00000076                __do_clear_bss
 *(.init4)
 *(.init5)
 *(.init5)
 *(.init6)
 *(.init6)
 *(.init7)
 *(.init7)
 *(.init8)
 *(.init8)
 *(.init9)
 .init9         0x00000086        0x8 e:/yusuf programs/imt_sdk/winavr/bin/../lib/gcc/avr/4.3.3/../../../../avr/lib/avr5/crtm32.o
 *(.init9)
 *(.text)
 .text          0x0000008e        0x4 e:/yusuf programs/imt_sdk/winavr/bin/../lib/gcc/avr/4.3.3/../../../../avr/lib/avr5/crtm32.o
                0x0000008e                __vector_1
                0x0000008e                __vector_12
                0x0000008e                __bad_interrupt
                0x0000008e                __vector_6
                0x0000008e                __vector_3
                0x0000008e                __vector_11
                0x0000008e                __vector_13
                0x0000008e                __vector_17
                0x0000008e                __vector_19
                0x0000008e                __vector_5
                0x0000008e                __vector_4
                0x0000008e                __vector_9
                0x0000008e                __vector_2
                0x0000008e                __vector_15
                0x0000008e                __vector_8
                0x0000008e                __vector_14
                0x0000008e                __vector_10
                0x0000008e                __vector_16
                0x0000008e                __vector_18
                0x0000008e                __vector_20
 .text          0x00000092        0x0 ./dio.o
 .text          0x00000092        0x0 ./i2c.o
 .text          0x00000092        0x0 ./keypad.o
 .text          0x00000092        0x0 ./lcd.o
 .text          0x00000092        0x0 ./main.o
 .text          0x00000092        0x0 ./rtc.o
 .text          0x00000092        0x0 ./timer.o
 .text          0x00000092        0x0 e:/yusuf programs/imt_sdk/winavr/bin/../lib/gcc/avr/4.3.3/avr5\libgcc.a(_udivmodqi4.o)
 .text          0x00000092        0x0 e:/yusuf programs/imt_sdk/winavr/bin/../lib/gcc/avr/4.3.3/avr5\libgcc.a(_exit.o)
 .text          0x00000092        0x0 e:/yusuf programs/imt_sdk/winavr/bin/../lib/gcc/avr/4.3.3/avr5\libgcc.a(_copy_data.o)
 .text          0x00000092        0x0 e:/yusuf programs/imt_sdk/winavr/bin/../lib/gcc/avr/4.3.3/avr5\libgcc.a(_clear_bss.o)
 .text          0x00000092       0x58 e:/yusuf programs/imt_sdk/winavr/bin/../lib/gcc/avr/4.3.3/avr5\libgcc.a(_fixunssfsi.o)
                0x00000092                __fixunssfsi
 .text          0x000000ea      0x354 e:/yusuf programs/imt_sdk/winavr/bin/../lib/gcc/avr/4.3.3/avr5\libgcc.a(_addsub_sf.o)
                0x00000382                __subsf3
                0x000003e4                __addsf3
 .text          0x0000043e      0x1f4 e:/yusuf programs/imt_sdk/winavr/bin/../lib/gcc/avr/4.3.3/avr5\libgcc.a(_mul_sf.o)
                0x0000043e                __mulsf3
 .text          0x00000632      0x158 e:/yusuf programs/imt_sdk/winavr/bin/../lib/gcc/avr/4.3.3/avr5\libgcc.a(_div_sf.o)
                0x00000632                __divsf3
 .text          0x0000078a       0x60 e:/yusuf programs/imt_sdk/winavr/bin/../lib/gcc/avr/4.3.3/avr5\libgcc.a(_gt_sf.o)
                0x0000078a                __gtsf2
 .text          0x000007ea       0x60 e:/yusuf programs/imt_sdk/winavr/bin/../lib/gcc/avr/4.3.3/avr5\libgcc.a(_ge_sf.o)
                0x000007ea                __gesf2
 .text          0x0000084a       0x60 e:/yusuf programs/imt_sdk/winavr/bin/../lib/gcc/avr/4.3.3/avr5\libgcc.a(_lt_sf.o)
                0x0000084a                __ltsf2
 .text          0x000008aa       0xa8 e:/yusuf programs/imt_sdk/winavr/bin/../lib/gcc/avr/4.3.3/avr5\libgcc.a(_sf_to_si.o)
                0x000008aa                __fixsfsi
 .text          0x00000952        0x0 e:/yusuf programs/imt_sdk/winavr/bin/../lib/gcc/avr/4.3.3/avr5\libgcc.a(_thenan_sf.o)
 .text          0x00000952        0x0 e:/yusuf programs/imt_sdk/winavr/bin/../lib/gcc/avr/4.3.3/avr5\libgcc.a(_prologue.o)
 .text          0x00000952        0x0 e:/yusuf programs/imt_sdk/winavr/bin/../lib/gcc/avr/4.3.3/avr5\libgcc.a(_epilogue.o)
 .text          0x00000952      0x1aa e:/yusuf programs/imt_sdk/winavr/bin/../lib/gcc/avr/4.3.3/avr5\libgcc.a(_pack_sf.o)
                0x00000952                __pack_f
 .text          0x00000afc       0xf0 e:/yusuf programs/imt_sdk/winavr/bin/../lib/gcc/avr/4.3.3/avr5\libgcc.a(_unpack_sf.o)
                0x00000afc                __unpack_f
 .text          0x00000bec       0xb2 e:/yusuf programs/imt_sdk/winavr/bin/../lib/gcc/avr/4.3.3/avr5\libgcc.a(_fpcmp_parts_sf.o)
                0x00000bec                __fpcmp_parts_f
                0x00000c9e                . = ALIGN (0x2)
 *(.text.*)
 .text.DIO_Init
                0x00000c9e       0x62 ./dio.o
                0x00000c9e                DIO_Init
 .text.Button_Read
                0x00000d00       0xa0 ./dio.o
                0x00000d00                Button_Read
 .text.I2C_Init
                0x00000da0       0x1c ./i2c.o
                0x00000da0                I2C_Init
 .text.I2C_Start
                0x00000dbc       0x40 ./i2c.o
                0x00000dbc                I2C_Start
 .text.I2C_Write
                0x00000dfc       0x2e ./i2c.o
                0x00000dfc                I2C_Write
 .text.I2C_ReadAck
                0x00000e2a       0x26 ./i2c.o
                0x00000e2a                I2C_ReadAck
 .text.I2C_ReadNack
                0x00000e50       0x26 ./i2c.o
                0x00000e50                I2C_ReadNack
 .text.I2C_Stop
                0x00000e76       0x16 ./i2c.o
                0x00000e76                I2C_Stop
 .text.Keypad_Init
                0x00000e8c       0x1e ./keypad.o
                0x00000e8c                Keypad_Init
 .text.Keypad_GetKey
                0x00000eaa      0x1c6 ./keypad.o
                0x00000eaa                Keypad_GetKey
 .text.LCD_Command
                0x00001070      0x6be ./lcd.o
                0x00001070                LCD_Command
 .text.LCD_Init
                0x0000172e      0x144 ./lcd.o
                0x0000172e                LCD_Init
 .text.LCD_Char
                0x00001872      0x6be ./lcd.o
                0x00001872                LCD_Char
 .text.LCD_String
                0x00001f30       0x3a ./lcd.o
                0x00001f30                LCD_String
 .text.LCD_Clear
                0x00001f6a      0x110 ./lcd.o
                0x00001f6a                LCD_Clear
 .text.Exit_Mode
                0x0000207a      0x12e ./main.o
                0x0000207a                Exit_Mode
 .text.Get_Valid_Input
                0x000021a8      0x282 ./main.o
                0x000021a8                Get_Valid_Input
 .text.Display_Time_Date
                0x0000242a      0x14a ./main.o
                0x0000242a                Display_Time_Date
 .text.Exit_To_Default
                0x00002574      0x112 ./main.o
                0x00002574                Exit_To_Default
 .text.Countdown_Mode
                0x00002686      0x52e ./main.o
                0x00002686                Countdown_Mode
 .text.Stopwatch_Mode
                0x00002bb4      0x2e2 ./main.o
                0x00002bb4                Stopwatch_Mode
 .text.Set_Time
                0x00002e96      0x25c ./main.o
                0x00002e96                Set_Time
 .text.Set_Date
                0x000030f2      0x292 ./main.o
                0x000030f2                Set_Date
 .text.Add_Alarm
                0x00003384      0x4ca ./main.o
                0x00003384                Add_Alarm
 .text.Check_Alarms
                0x0000384e      0x2cc ./main.o
                0x0000384e                Check_Alarms
 .text.Display_Alarms
                0x00003b1a      0x330 ./main.o
                0x00003b1a                Display_Alarms
 .text.main     0x00003e4a      0x272 ./main.o
                0x00003e4a                main
 .text.BCD_to_Dec
                0x000040bc       0x3a ./rtc.o
                0x000040bc                BCD_to_Dec
 .text.Dec_to_BCD
                0x000040f6       0x3e ./rtc.o
                0x000040f6                Dec_to_BCD
 .text.RTC_Init
                0x00004134       0x12 ./rtc.o
                0x00004134                RTC_Init
 .text.RTC_SetTime
                0x00004146       0x4c ./rtc.o
                0x00004146                RTC_SetTime
 .text.RTC_SetDate
                0x00004192       0x4c ./rtc.o
                0x00004192                RTC_SetDate
 .text.RTC_GetTime
                0x000041de       0x70 ./rtc.o
                0x000041de                RTC_GetTime
 .text.RTC_GetDate
                0x0000424e       0x70 ./rtc.o
                0x0000424e                RTC_GetDate
 .text.Timer_Init
                0x000042be       0x3a ./timer.o
                0x000042be                Timer_Init
 .text.Timer_Set
                0x000042f8       0x30 ./timer.o
                0x000042f8                Timer_Set
 .text.Timer_Start
                0x00004328       0x14 ./timer.o
                0x00004328                Timer_Start
 .text.Timer_Stop
                0x0000433c       0x12 ./timer.o
                0x0000433c                Timer_Stop
 .text.Timer_Reset
                0x0000434e       0x1e ./timer.o
                0x0000434e                Timer_Reset
 .text.Timer_IsFinished
                0x0000436c       0x3c ./timer.o
                0x0000436c                Timer_IsFinished
 .text.Timer_TriggerBuzzer
                0x000043a8      0x126 ./timer.o
                0x000043a8                Timer_TriggerBuzzer
 .text.Timer_Update
                0x000044ce       0xa8 ./timer.o
                0x000044ce                Timer_Update
 .text.__vector_7
                0x00004576       0xac ./timer.o
                0x00004576                __vector_7
 .text.libgcc   0x00004622       0x18 e:/yusuf programs/imt_sdk/winavr/bin/../lib/gcc/avr/4.3.3/avr5\libgcc.a(_udivmodqi4.o)
                0x00004622                __udivmodqi4
 .text.libgcc   0x0000463a        0x0 e:/yusuf programs/imt_sdk/winavr/bin/../lib/gcc/avr/4.3.3/avr5\libgcc.a(_exit.o)
 .text.libgcc   0x0000463a        0x0 e:/yusuf programs/imt_sdk/winavr/bin/../lib/gcc/avr/4.3.3/avr5\libgcc.a(_copy_data.o)
 .text.libgcc   0x0000463a        0x0 e:/yusuf programs/imt_sdk/winavr/bin/../lib/gcc/avr/4.3.3/avr5\libgcc.a(_clear_bss.o)
 .text.libgcc   0x0000463a       0x38 e:/yusuf programs/imt_sdk/winavr/bin/../lib/gcc/avr/4.3.3/avr5\libgcc.a(_prologue.o)
                0x0000463a                __prologue_saves__
 .text.libgcc   0x00004672       0x36 e:/yusuf programs/imt_sdk/winavr/bin/../lib/gcc/avr/4.3.3/avr5\libgcc.a(_epilogue.o)
                0x00004672                __epilogue_restores__
                0x000046a8                . = ALIGN (0x2)
 *(.fini9)
 .fini9         0x000046a8        0x0 e:/yusuf programs/imt_sdk/winavr/bin/../lib/gcc/avr/4.3.3/avr5\libgcc.a(_exit.o)
                0x000046a8                exit
                0x000046a8                _exit
 *(.fini9)
 *(.fini8)
 *(.fini8)
 *(.fini7)
 *(.fini7)
 *(.fini6)
 *(.fini6)
 *(.fini5)
 *(.fini5)
 *(.fini4)
 *(.fini4)
 *(.fini3)
 *(.fini3)
 *(.fini2)
 *(.fini2)
 *(.fini1)
 *(.fini1)
 *(.fini0)
 .fini0         0x000046a8        0x4 e:/yusuf programs/imt_sdk/winavr/bin/../lib/gcc/avr/4.3.3/avr5\libgcc.a(_exit.o)
 *(.fini0)
                0x000046ac                _etext = .

.data           0x00800060      0x176 load address 0x000046ac
                0x00800060                PROVIDE (__data_start, .)
 *(.data)
 .data          0x00800060        0x0 e:/yusuf programs/imt_sdk/winavr/bin/../lib/gcc/avr/4.3.3/../../../../avr/lib/avr5/crtm32.o
 .data          0x00800060        0x0 ./dio.o
 .data          0x00800060        0x0 ./i2c.o
 .data          0x00800060        0x0 ./keypad.o
 .data          0x00800060        0x0 ./lcd.o
 .data          0x00800060      0x152 ./main.o
 .data          0x008001b2        0x0 ./rtc.o
 .data          0x008001b2        0xc ./timer.o
 .data          0x008001be        0x0 e:/yusuf programs/imt_sdk/winavr/bin/../lib/gcc/avr/4.3.3/avr5\libgcc.a(_udivmodqi4.o)
 .data          0x008001be        0x0 e:/yusuf programs/imt_sdk/winavr/bin/../lib/gcc/avr/4.3.3/avr5\libgcc.a(_exit.o)
 .data          0x008001be        0x0 e:/yusuf programs/imt_sdk/winavr/bin/../lib/gcc/avr/4.3.3/avr5\libgcc.a(_copy_data.o)
 .data          0x008001be        0x0 e:/yusuf programs/imt_sdk/winavr/bin/../lib/gcc/avr/4.3.3/avr5\libgcc.a(_clear_bss.o)
 .data          0x008001be        0x0 e:/yusuf programs/imt_sdk/winavr/bin/../lib/gcc/avr/4.3.3/avr5\libgcc.a(_fixunssfsi.o)
 .data          0x008001be        0x0 e:/yusuf programs/imt_sdk/winavr/bin/../lib/gcc/avr/4.3.3/avr5\libgcc.a(_addsub_sf.o)
 .data          0x008001be        0x0 e:/yusuf programs/imt_sdk/winavr/bin/../lib/gcc/avr/4.3.3/avr5\libgcc.a(_mul_sf.o)
 .data          0x008001be        0x0 e:/yusuf programs/imt_sdk/winavr/bin/../lib/gcc/avr/4.3.3/avr5\libgcc.a(_div_sf.o)
 .data          0x008001be        0x0 e:/yusuf programs/imt_sdk/winavr/bin/../lib/gcc/avr/4.3.3/avr5\libgcc.a(_gt_sf.o)
 .data          0x008001be        0x0 e:/yusuf programs/imt_sdk/winavr/bin/../lib/gcc/avr/4.3.3/avr5\libgcc.a(_ge_sf.o)
 .data          0x008001be        0x0 e:/yusuf programs/imt_sdk/winavr/bin/../lib/gcc/avr/4.3.3/avr5\libgcc.a(_lt_sf.o)
 .data          0x008001be        0x0 e:/yusuf programs/imt_sdk/winavr/bin/../lib/gcc/avr/4.3.3/avr5\libgcc.a(_sf_to_si.o)
 .data          0x008001be        0x8 e:/yusuf programs/imt_sdk/winavr/bin/../lib/gcc/avr/4.3.3/avr5\libgcc.a(_thenan_sf.o)
                0x008001be                __thenan_sf
 .data          0x008001c6        0x0 e:/yusuf programs/imt_sdk/winavr/bin/../lib/gcc/avr/4.3.3/avr5\libgcc.a(_prologue.o)
 .data          0x008001c6        0x0 e:/yusuf programs/imt_sdk/winavr/bin/../lib/gcc/avr/4.3.3/avr5\libgcc.a(_epilogue.o)
 .data          0x008001c6        0x0 e:/yusuf programs/imt_sdk/winavr/bin/../lib/gcc/avr/4.3.3/avr5\libgcc.a(_pack_sf.o)
 .data          0x008001c6        0x0 e:/yusuf programs/imt_sdk/winavr/bin/../lib/gcc/avr/4.3.3/avr5\libgcc.a(_unpack_sf.o)
 .data          0x008001c6        0x0 e:/yusuf programs/imt_sdk/winavr/bin/../lib/gcc/avr/4.3.3/avr5\libgcc.a(_fpcmp_parts_sf.o)
 *(.data*)
 *(.rodata)
 *(.rodata*)
 .rodata.KEYPAD_MAP
                0x008001c6       0x10 ./keypad.o
                0x008001c6                KEYPAD_MAP
 *(.gnu.linkonce.d*)
                0x008001d6                . = ALIGN (0x2)
                0x008001d6                _edata = .
                0x008001d6                PROVIDE (__data_end, .)

.bss            0x008001d6       0x15
                0x008001d6                PROVIDE (__bss_start, .)
 *(.bss)
 .bss           0x008001d6        0x0 e:/yusuf programs/imt_sdk/winavr/bin/../lib/gcc/avr/4.3.3/../../../../avr/lib/avr5/crtm32.o
 .bss           0x008001d6        0x0 ./dio.o
 .bss           0x008001d6        0x0 ./i2c.o
 .bss           0x008001d6        0x0 ./keypad.o
 .bss           0x008001d6        0x0 ./lcd.o
 .bss           0x008001d6        0x0 ./main.o
 .bss           0x008001d6        0x0 ./rtc.o
 .bss           0x008001d6        0x0 ./timer.o
 .bss           0x008001d6        0x0 e:/yusuf programs/imt_sdk/winavr/bin/../lib/gcc/avr/4.3.3/avr5\libgcc.a(_udivmodqi4.o)
 .bss           0x008001d6        0x0 e:/yusuf programs/imt_sdk/winavr/bin/../lib/gcc/avr/4.3.3/avr5\libgcc.a(_exit.o)
 .bss           0x008001d6        0x0 e:/yusuf programs/imt_sdk/winavr/bin/../lib/gcc/avr/4.3.3/avr5\libgcc.a(_copy_data.o)
 .bss           0x008001d6        0x0 e:/yusuf programs/imt_sdk/winavr/bin/../lib/gcc/avr/4.3.3/avr5\libgcc.a(_clear_bss.o)
 .bss           0x008001d6        0x0 e:/yusuf programs/imt_sdk/winavr/bin/../lib/gcc/avr/4.3.3/avr5\libgcc.a(_fixunssfsi.o)
 .bss           0x008001d6        0x0 e:/yusuf programs/imt_sdk/winavr/bin/../lib/gcc/avr/4.3.3/avr5\libgcc.a(_addsub_sf.o)
 .bss           0x008001d6        0x0 e:/yusuf programs/imt_sdk/winavr/bin/../lib/gcc/avr/4.3.3/avr5\libgcc.a(_mul_sf.o)
 .bss           0x008001d6        0x0 e:/yusuf programs/imt_sdk/winavr/bin/../lib/gcc/avr/4.3.3/avr5\libgcc.a(_div_sf.o)
 .bss           0x008001d6        0x0 e:/yusuf programs/imt_sdk/winavr/bin/../lib/gcc/avr/4.3.3/avr5\libgcc.a(_gt_sf.o)
 .bss           0x008001d6        0x0 e:/yusuf programs/imt_sdk/winavr/bin/../lib/gcc/avr/4.3.3/avr5\libgcc.a(_ge_sf.o)
 .bss           0x008001d6        0x0 e:/yusuf programs/imt_sdk/winavr/bin/../lib/gcc/avr/4.3.3/avr5\libgcc.a(_lt_sf.o)
 .bss           0x008001d6        0x0 e:/yusuf programs/imt_sdk/winavr/bin/../lib/gcc/avr/4.3.3/avr5\libgcc.a(_sf_to_si.o)
 .bss           0x008001d6        0x0 e:/yusuf programs/imt_sdk/winavr/bin/../lib/gcc/avr/4.3.3/avr5\libgcc.a(_thenan_sf.o)
 .bss           0x008001d6        0x0 e:/yusuf programs/imt_sdk/winavr/bin/../lib/gcc/avr/4.3.3/avr5\libgcc.a(_prologue.o)
 .bss           0x008001d6        0x0 e:/yusuf programs/imt_sdk/winavr/bin/../lib/gcc/avr/4.3.3/avr5\libgcc.a(_epilogue.o)
 .bss           0x008001d6        0x0 e:/yusuf programs/imt_sdk/winavr/bin/../lib/gcc/avr/4.3.3/avr5\libgcc.a(_pack_sf.o)
 .bss           0x008001d6        0x0 e:/yusuf programs/imt_sdk/winavr/bin/../lib/gcc/avr/4.3.3/avr5\libgcc.a(_unpack_sf.o)
 .bss           0x008001d6        0x0 e:/yusuf programs/imt_sdk/winavr/bin/../lib/gcc/avr/4.3.3/avr5\libgcc.a(_fpcmp_parts_sf.o)
 *(.bss*)
 .bss.alarm_count
                0x008001d6        0x1 ./main.o
                0x008001d6                alarm_count
 .bss.countdown_hours
                0x008001d7        0x1 ./timer.o
 .bss.countdown_minutes
                0x008001d8        0x1 ./timer.o
 .bss.countdown_seconds
                0x008001d9        0x1 ./timer.o
 .bss.timer_running
                0x008001da        0x1 ./timer.o
 *(COMMON)
 COMMON         0x008001db       0x10 ./main.o
                0x008001db                alarms
                0x008001eb                PROVIDE (__bss_end, .)
                0x000046ac                __data_load_start = LOADADDR (.data)
                0x00004822                __data_load_end = (__data_load_start + SIZEOF (.data))

.noinit         0x008001eb        0x0
                0x008001eb                PROVIDE (__noinit_start, .)
 *(.noinit*)
                0x008001eb                PROVIDE (__noinit_end, .)
                0x008001eb                _end = .
                0x008001eb                PROVIDE (__heap_start, .)

.eeprom         0x00810000        0x0
 *(.eeprom*)
                0x00810000                __eeprom_end = .

.fuse
 *(.fuse)
 *(.lfuse)
 *(.hfuse)
 *(.efuse)

.lock
 *(.lock*)

.signature
 *(.signature*)

.stab           0x00000000     0x4074
 *(.stab)
 .stab          0x00000000      0x3c0 ./dio.o
 .stab          0x000003c0      0x2e8 ./i2c.o
                                0x4a4 (size before relaxing)
 .stab          0x000006a8      0x300 ./keypad.o
                                0x4bc (size before relaxing)
 .stab          0x000009a8      0xcb4 ./lcd.o
                                0xe70 (size before relaxing)
 .stab          0x0000165c     0x2070 ./main.o
                               0x222c (size before relaxing)
 .stab          0x000036cc      0x450 ./rtc.o
                                0x618 (size before relaxing)
 .stab          0x00003b1c      0x558 ./timer.o
                                0x714 (size before relaxing)

.stabstr        0x00000000      0xe7a
 *(.stabstr)
 .stabstr       0x00000000      0xe7a ./dio.o

.stab.excl
 *(.stab.excl)

.stab.exclstr
 *(.stab.exclstr)

.stab.index
 *(.stab.index)

.stab.indexstr
 *(.stab.indexstr)

.comment
 *(.comment)

.debug
 *(.debug)

.line
 *(.line)

.debug_srcinfo
 *(.debug_srcinfo)

.debug_sfnames
 *(.debug_sfnames)

.debug_aranges  0x00000000      0x160
 *(.debug_aranges)
 .debug_aranges
                0x00000000       0x20 e:/yusuf programs/imt_sdk/winavr/bin/../lib/gcc/avr/4.3.3/avr5\libgcc.a(_fixunssfsi.o)
 .debug_aranges
                0x00000020       0x20 e:/yusuf programs/imt_sdk/winavr/bin/../lib/gcc/avr/4.3.3/avr5\libgcc.a(_addsub_sf.o)
 .debug_aranges
                0x00000040       0x20 e:/yusuf programs/imt_sdk/winavr/bin/../lib/gcc/avr/4.3.3/avr5\libgcc.a(_mul_sf.o)
 .debug_aranges
                0x00000060       0x20 e:/yusuf programs/imt_sdk/winavr/bin/../lib/gcc/avr/4.3.3/avr5\libgcc.a(_div_sf.o)
 .debug_aranges
                0x00000080       0x20 e:/yusuf programs/imt_sdk/winavr/bin/../lib/gcc/avr/4.3.3/avr5\libgcc.a(_gt_sf.o)
 .debug_aranges
                0x000000a0       0x20 e:/yusuf programs/imt_sdk/winavr/bin/../lib/gcc/avr/4.3.3/avr5\libgcc.a(_ge_sf.o)
 .debug_aranges
                0x000000c0       0x20 e:/yusuf programs/imt_sdk/winavr/bin/../lib/gcc/avr/4.3.3/avr5\libgcc.a(_lt_sf.o)
 .debug_aranges
                0x000000e0       0x20 e:/yusuf programs/imt_sdk/winavr/bin/../lib/gcc/avr/4.3.3/avr5\libgcc.a(_sf_to_si.o)
 .debug_aranges
                0x00000100       0x20 e:/yusuf programs/imt_sdk/winavr/bin/../lib/gcc/avr/4.3.3/avr5\libgcc.a(_pack_sf.o)
 .debug_aranges
                0x00000120       0x20 e:/yusuf programs/imt_sdk/winavr/bin/../lib/gcc/avr/4.3.3/avr5\libgcc.a(_unpack_sf.o)
 .debug_aranges
                0x00000140       0x20 e:/yusuf programs/imt_sdk/winavr/bin/../lib/gcc/avr/4.3.3/avr5\libgcc.a(_fpcmp_parts_sf.o)

.debug_pubnames
                0x00000000      0x18f
 *(.debug_pubnames)
 .debug_pubnames
                0x00000000       0x23 e:/yusuf programs/imt_sdk/winavr/bin/../lib/gcc/avr/4.3.3/avr5\libgcc.a(_fixunssfsi.o)
 .debug_pubnames
                0x00000023       0x2c e:/yusuf programs/imt_sdk/winavr/bin/../lib/gcc/avr/4.3.3/avr5\libgcc.a(_addsub_sf.o)
 .debug_pubnames
                0x0000004f       0x1f e:/yusuf programs/imt_sdk/winavr/bin/../lib/gcc/avr/4.3.3/avr5\libgcc.a(_mul_sf.o)
 .debug_pubnames
                0x0000006e       0x1f e:/yusuf programs/imt_sdk/winavr/bin/../lib/gcc/avr/4.3.3/avr5\libgcc.a(_div_sf.o)
 .debug_pubnames
                0x0000008d       0x1e e:/yusuf programs/imt_sdk/winavr/bin/../lib/gcc/avr/4.3.3/avr5\libgcc.a(_gt_sf.o)
 .debug_pubnames
                0x000000ab       0x1e e:/yusuf programs/imt_sdk/winavr/bin/../lib/gcc/avr/4.3.3/avr5\libgcc.a(_ge_sf.o)
 .debug_pubnames
                0x000000c9       0x1e e:/yusuf programs/imt_sdk/winavr/bin/../lib/gcc/avr/4.3.3/avr5\libgcc.a(_lt_sf.o)
 .debug_pubnames
                0x000000e7       0x20 e:/yusuf programs/imt_sdk/winavr/bin/../lib/gcc/avr/4.3.3/avr5\libgcc.a(_sf_to_si.o)
 .debug_pubnames
                0x00000107       0x22 e:/yusuf programs/imt_sdk/winavr/bin/../lib/gcc/avr/4.3.3/avr5\libgcc.a(_thenan_sf.o)
 .debug_pubnames
                0x00000129       0x1f e:/yusuf programs/imt_sdk/winavr/bin/../lib/gcc/avr/4.3.3/avr5\libgcc.a(_pack_sf.o)
 .debug_pubnames
                0x00000148       0x21 e:/yusuf programs/imt_sdk/winavr/bin/../lib/gcc/avr/4.3.3/avr5\libgcc.a(_unpack_sf.o)
 .debug_pubnames
                0x00000169       0x26 e:/yusuf programs/imt_sdk/winavr/bin/../lib/gcc/avr/4.3.3/avr5\libgcc.a(_fpcmp_parts_sf.o)

.debug_info     0x00000000     0x2045
 *(.debug_info)
 .debug_info    0x00000000       0xb1 e:/yusuf programs/imt_sdk/winavr/bin/../lib/gcc/avr/4.3.3/avr5\libgcc.a(_fixunssfsi.o)
 .debug_info    0x000000b1      0x47a e:/yusuf programs/imt_sdk/winavr/bin/../lib/gcc/avr/4.3.3/avr5\libgcc.a(_addsub_sf.o)
 .debug_info    0x0000052b      0x485 e:/yusuf programs/imt_sdk/winavr/bin/../lib/gcc/avr/4.3.3/avr5\libgcc.a(_mul_sf.o)
 .debug_info    0x000009b0      0x3fc e:/yusuf programs/imt_sdk/winavr/bin/../lib/gcc/avr/4.3.3/avr5\libgcc.a(_div_sf.o)
 .debug_info    0x00000dac      0x27f e:/yusuf programs/imt_sdk/winavr/bin/../lib/gcc/avr/4.3.3/avr5\libgcc.a(_gt_sf.o)
 .debug_info    0x0000102b      0x27f e:/yusuf programs/imt_sdk/winavr/bin/../lib/gcc/avr/4.3.3/avr5\libgcc.a(_ge_sf.o)
 .debug_info    0x000012aa      0x27f e:/yusuf programs/imt_sdk/winavr/bin/../lib/gcc/avr/4.3.3/avr5\libgcc.a(_lt_sf.o)
 .debug_info    0x00001529      0x2b0 e:/yusuf programs/imt_sdk/winavr/bin/../lib/gcc/avr/4.3.3/avr5\libgcc.a(_sf_to_si.o)
 .debug_info    0x000017d9      0x12c e:/yusuf programs/imt_sdk/winavr/bin/../lib/gcc/avr/4.3.3/avr5\libgcc.a(_thenan_sf.o)
 .debug_info    0x00001905      0x2df e:/yusuf programs/imt_sdk/winavr/bin/../lib/gcc/avr/4.3.3/avr5\libgcc.a(_pack_sf.o)
 .debug_info    0x00001be4      0x251 e:/yusuf programs/imt_sdk/winavr/bin/../lib/gcc/avr/4.3.3/avr5\libgcc.a(_unpack_sf.o)
 .debug_info    0x00001e35      0x210 e:/yusuf programs/imt_sdk/winavr/bin/../lib/gcc/avr/4.3.3/avr5\libgcc.a(_fpcmp_parts_sf.o)
 *(.gnu.linkonce.wi.*)

.debug_abbrev   0x00000000     0x1101
 *(.debug_abbrev)
 .debug_abbrev  0x00000000       0x5d e:/yusuf programs/imt_sdk/winavr/bin/../lib/gcc/avr/4.3.3/avr5\libgcc.a(_fixunssfsi.o)
 .debug_abbrev  0x0000005d      0x1ea e:/yusuf programs/imt_sdk/winavr/bin/../lib/gcc/avr/4.3.3/avr5\libgcc.a(_addsub_sf.o)
 .debug_abbrev  0x00000247      0x21b e:/yusuf programs/imt_sdk/winavr/bin/../lib/gcc/avr/4.3.3/avr5\libgcc.a(_mul_sf.o)
 .debug_abbrev  0x00000462      0x216 e:/yusuf programs/imt_sdk/winavr/bin/../lib/gcc/avr/4.3.3/avr5\libgcc.a(_div_sf.o)
 .debug_abbrev  0x00000678      0x15a e:/yusuf programs/imt_sdk/winavr/bin/../lib/gcc/avr/4.3.3/avr5\libgcc.a(_gt_sf.o)
 .debug_abbrev  0x000007d2      0x15a e:/yusuf programs/imt_sdk/winavr/bin/../lib/gcc/avr/4.3.3/avr5\libgcc.a(_ge_sf.o)
 .debug_abbrev  0x0000092c      0x15a e:/yusuf programs/imt_sdk/winavr/bin/../lib/gcc/avr/4.3.3/avr5\libgcc.a(_lt_sf.o)
 .debug_abbrev  0x00000a86      0x17f e:/yusuf programs/imt_sdk/winavr/bin/../lib/gcc/avr/4.3.3/avr5\libgcc.a(_sf_to_si.o)
 .debug_abbrev  0x00000c05       0xad e:/yusuf programs/imt_sdk/winavr/bin/../lib/gcc/avr/4.3.3/avr5\libgcc.a(_thenan_sf.o)
 .debug_abbrev  0x00000cb2      0x1c0 e:/yusuf programs/imt_sdk/winavr/bin/../lib/gcc/avr/4.3.3/avr5\libgcc.a(_pack_sf.o)
 .debug_abbrev  0x00000e72      0x154 e:/yusuf programs/imt_sdk/winavr/bin/../lib/gcc/avr/4.3.3/avr5\libgcc.a(_unpack_sf.o)
 .debug_abbrev  0x00000fc6      0x13b e:/yusuf programs/imt_sdk/winavr/bin/../lib/gcc/avr/4.3.3/avr5\libgcc.a(_fpcmp_parts_sf.o)

.debug_line     0x00000000      0xf82
 *(.debug_line)
 .debug_line    0x00000000       0xa7 e:/yusuf programs/imt_sdk/winavr/bin/../lib/gcc/avr/4.3.3/avr5\libgcc.a(_fixunssfsi.o)
 .debug_line    0x000000a7      0x2af e:/yusuf programs/imt_sdk/winavr/bin/../lib/gcc/avr/4.3.3/avr5\libgcc.a(_addsub_sf.o)
 .debug_line    0x00000356      0x239 e:/yusuf programs/imt_sdk/winavr/bin/../lib/gcc/avr/4.3.3/avr5\libgcc.a(_mul_sf.o)
 .debug_line    0x0000058f      0x1d5 e:/yusuf programs/imt_sdk/winavr/bin/../lib/gcc/avr/4.3.3/avr5\libgcc.a(_div_sf.o)
 .debug_line    0x00000764       0xd3 e:/yusuf programs/imt_sdk/winavr/bin/../lib/gcc/avr/4.3.3/avr5\libgcc.a(_gt_sf.o)
 .debug_line    0x00000837       0xd3 e:/yusuf programs/imt_sdk/winavr/bin/../lib/gcc/avr/4.3.3/avr5\libgcc.a(_ge_sf.o)
 .debug_line    0x0000090a       0xd3 e:/yusuf programs/imt_sdk/winavr/bin/../lib/gcc/avr/4.3.3/avr5\libgcc.a(_lt_sf.o)
 .debug_line    0x000009dd      0x109 e:/yusuf programs/imt_sdk/winavr/bin/../lib/gcc/avr/4.3.3/avr5\libgcc.a(_sf_to_si.o)
 .debug_line    0x00000ae6       0x90 e:/yusuf programs/imt_sdk/winavr/bin/../lib/gcc/avr/4.3.3/avr5\libgcc.a(_thenan_sf.o)
 .debug_line    0x00000b76      0x18a e:/yusuf programs/imt_sdk/winavr/bin/../lib/gcc/avr/4.3.3/avr5\libgcc.a(_pack_sf.o)
 .debug_line    0x00000d00      0x14b e:/yusuf programs/imt_sdk/winavr/bin/../lib/gcc/avr/4.3.3/avr5\libgcc.a(_unpack_sf.o)
 .debug_line    0x00000e4b      0x137 e:/yusuf programs/imt_sdk/winavr/bin/../lib/gcc/avr/4.3.3/avr5\libgcc.a(_fpcmp_parts_sf.o)

.debug_frame    0x00000000      0x180
 *(.debug_frame)
 .debug_frame   0x00000000       0x20 e:/yusuf programs/imt_sdk/winavr/bin/../lib/gcc/avr/4.3.3/avr5\libgcc.a(_fixunssfsi.o)
 .debug_frame   0x00000020       0x40 e:/yusuf programs/imt_sdk/winavr/bin/../lib/gcc/avr/4.3.3/avr5\libgcc.a(_addsub_sf.o)
 .debug_frame   0x00000060       0x20 e:/yusuf programs/imt_sdk/winavr/bin/../lib/gcc/avr/4.3.3/avr5\libgcc.a(_mul_sf.o)
 .debug_frame   0x00000080       0x20 e:/yusuf programs/imt_sdk/winavr/bin/../lib/gcc/avr/4.3.3/avr5\libgcc.a(_div_sf.o)
 .debug_frame   0x000000a0       0x20 e:/yusuf programs/imt_sdk/winavr/bin/../lib/gcc/avr/4.3.3/avr5\libgcc.a(_gt_sf.o)
 .debug_frame   0x000000c0       0x20 e:/yusuf programs/imt_sdk/winavr/bin/../lib/gcc/avr/4.3.3/avr5\libgcc.a(_ge_sf.o)
 .debug_frame   0x000000e0       0x20 e:/yusuf programs/imt_sdk/winavr/bin/../lib/gcc/avr/4.3.3/avr5\libgcc.a(_lt_sf.o)
 .debug_frame   0x00000100       0x20 e:/yusuf programs/imt_sdk/winavr/bin/../lib/gcc/avr/4.3.3/avr5\libgcc.a(_sf_to_si.o)
 .debug_frame   0x00000120       0x20 e:/yusuf programs/imt_sdk/winavr/bin/../lib/gcc/avr/4.3.3/avr5\libgcc.a(_pack_sf.o)
 .debug_frame   0x00000140       0x20 e:/yusuf programs/imt_sdk/winavr/bin/../lib/gcc/avr/4.3.3/avr5\libgcc.a(_unpack_sf.o)
 .debug_frame   0x00000160       0x20 e:/yusuf programs/imt_sdk/winavr/bin/../lib/gcc/avr/4.3.3/avr5\libgcc.a(_fpcmp_parts_sf.o)

.debug_str      0x00000000      0x2c2
 *(.debug_str)
 .debug_str     0x00000000       0xbf e:/yusuf programs/imt_sdk/winavr/bin/../lib/gcc/avr/4.3.3/avr5\libgcc.a(_fixunssfsi.o)
                                 0xfe (size before relaxing)
 .debug_str     0x000000bf      0x14d e:/yusuf programs/imt_sdk/winavr/bin/../lib/gcc/avr/4.3.3/avr5\libgcc.a(_addsub_sf.o)
                                0x206 (size before relaxing)
 .debug_str     0x0000020c       0x27 e:/yusuf programs/imt_sdk/winavr/bin/../lib/gcc/avr/4.3.3/avr5\libgcc.a(_mul_sf.o)
                                0x1bf (size before relaxing)
 .debug_str     0x00000233       0x35 e:/yusuf programs/imt_sdk/winavr/bin/../lib/gcc/avr/4.3.3/avr5\libgcc.a(_div_sf.o)
                                0x1c8 (size before relaxing)
 .debug_str     0x00000268        0xf e:/yusuf programs/imt_sdk/winavr/bin/../lib/gcc/avr/4.3.3/avr5\libgcc.a(_gt_sf.o)
                                0x195 (size before relaxing)
 .debug_str     0x00000277        0x8 e:/yusuf programs/imt_sdk/winavr/bin/../lib/gcc/avr/4.3.3/avr5\libgcc.a(_ge_sf.o)
                                0x195 (size before relaxing)
 .debug_str     0x0000027f        0x8 e:/yusuf programs/imt_sdk/winavr/bin/../lib/gcc/avr/4.3.3/avr5\libgcc.a(_lt_sf.o)
                                0x195 (size before relaxing)
 .debug_str     0x00000287        0xa e:/yusuf programs/imt_sdk/winavr/bin/../lib/gcc/avr/4.3.3/avr5\libgcc.a(_sf_to_si.o)
                                0x19e (size before relaxing)
 .debug_str     0x00000000      0x103 e:/yusuf programs/imt_sdk/winavr/bin/../lib/gcc/avr/4.3.3/avr5\libgcc.a(_thenan_sf.o)
 .debug_str     0x00000291       0x16 e:/yusuf programs/imt_sdk/winavr/bin/../lib/gcc/avr/4.3.3/avr5\libgcc.a(_pack_sf.o)
                                0x19d (size before relaxing)
 .debug_str     0x000002a7        0xb e:/yusuf programs/imt_sdk/winavr/bin/../lib/gcc/avr/4.3.3/avr5\libgcc.a(_unpack_sf.o)
                                0x17f (size before relaxing)
 .debug_str     0x000002b2       0x10 e:/yusuf programs/imt_sdk/winavr/bin/../lib/gcc/avr/4.3.3/avr5\libgcc.a(_fpcmp_parts_sf.o)
                                0x163 (size before relaxing)

.debug_loc      0x00000000      0x88e
 *(.debug_loc)
 .debug_loc     0x00000000       0x34 e:/yusuf programs/imt_sdk/winavr/bin/../lib/gcc/avr/4.3.3/avr5\libgcc.a(_fixunssfsi.o)
 .debug_loc     0x00000034      0x32a e:/yusuf programs/imt_sdk/winavr/bin/../lib/gcc/avr/4.3.3/avr5\libgcc.a(_addsub_sf.o)
 .debug_loc     0x0000035e      0x104 e:/yusuf programs/imt_sdk/winavr/bin/../lib/gcc/avr/4.3.3/avr5\libgcc.a(_mul_sf.o)
 .debug_loc     0x00000462       0xc0 e:/yusuf programs/imt_sdk/winavr/bin/../lib/gcc/avr/4.3.3/avr5\libgcc.a(_div_sf.o)
 .debug_loc     0x00000522       0x3c e:/yusuf programs/imt_sdk/winavr/bin/../lib/gcc/avr/4.3.3/avr5\libgcc.a(_gt_sf.o)
 .debug_loc     0x0000055e       0x3c e:/yusuf programs/imt_sdk/winavr/bin/../lib/gcc/avr/4.3.3/avr5\libgcc.a(_ge_sf.o)
 .debug_loc     0x0000059a       0x3c e:/yusuf programs/imt_sdk/winavr/bin/../lib/gcc/avr/4.3.3/avr5\libgcc.a(_lt_sf.o)
 .debug_loc     0x000005d6       0x7e e:/yusuf programs/imt_sdk/winavr/bin/../lib/gcc/avr/4.3.3/avr5\libgcc.a(_sf_to_si.o)
 .debug_loc     0x00000654      0x13e e:/yusuf programs/imt_sdk/winavr/bin/../lib/gcc/avr/4.3.3/avr5\libgcc.a(_pack_sf.o)
 .debug_loc     0x00000792       0xac e:/yusuf programs/imt_sdk/winavr/bin/../lib/gcc/avr/4.3.3/avr5\libgcc.a(_unpack_sf.o)
 .debug_loc     0x0000083e       0x50 e:/yusuf programs/imt_sdk/winavr/bin/../lib/gcc/avr/4.3.3/avr5\libgcc.a(_fpcmp_parts_sf.o)

.debug_macinfo
 *(.debug_macinfo)
OUTPUT(Code.elf elf32-avr)
LOAD linker stubs

.debug_ranges   0x00000000       0x50
 .debug_ranges  0x00000000       0x50 e:/yusuf programs/imt_sdk/winavr/bin/../lib/gcc/avr/4.3.3/avr5\libgcc.a(_mul_sf.o)
